[INFO] Scanning for projects...
[INFO] 
[INFO] ---------------------< com.ordereasy:api-gateway >----------------------
[INFO] Building  0.0.1-SNAPSHOT
[INFO]   from pom.xml
[INFO] --------------------------------[ jar ]---------------------------------
[INFO] 
[INFO] >>> spring-boot:4.0.5:run (default-cli) > test-compile @ api-gateway >>>
[INFO] 
[INFO] --- resources:3.3.1:resources (default-resources) @ api-gateway ---
[INFO] Copying 1 resource from src/main/resources to target/classes
[INFO] Copying 0 resource from src/main/resources to target/classes
[INFO] 
[INFO] --- compiler:3.14.1:compile (default-compile) @ api-gateway ---
[INFO] Nothing to compile - all classes are up to date.
[INFO] 
[INFO] --- resources:3.3.1:testResources (default-testResources) @ api-gateway ---
[INFO] skip non existing resourceDirectory /home/vivekjoshi/Desktop/MTECH CSE 2025/SEMESTER-2/ORDER_EASY_PROJECT/backend/api-gateway/src/test/resources
[INFO] 
[INFO] --- compiler:3.14.1:testCompile (default-testCompile) @ api-gateway ---
[INFO] Nothing to compile - all classes are up to date.
[INFO] 
[INFO] <<< spring-boot:4.0.5:run (default-cli) < test-compile @ api-gateway <<<
[INFO] 
[INFO] 
[INFO] --- spring-boot:4.0.5:run (default-cli) @ api-gateway ---
[INFO] Attaching agents: []

  .   ____          _            __ _ _
 /\\ / ___'_ __ _ _(_)_ __  __ _ \ \ \ \
( ( )\___ | '_ | '_| | '_ \/ _` | \ \ \ \
 \\/  ___)| |_)| | | | | || (_| |  ) ) ) )
  '  |____| .__|_| |_|_| |_\__, | / / / /
 =========|_|==============|___/=/_/_/_/

 :: Spring Boot ::                (v4.0.5)

2026-06-23T18:31:33.442+05:30  INFO 35835 --- [api-gateway] [           main] c.o.api_gateway.ApiGatewayApplication    : Starting ApiGatewayApplication using Java 21.0.10 with PID 35835 (/home/vivekjoshi/Desktop/MTECH CSE 2025/SEMESTER-2/ORDER_EASY_PROJECT/backend/api-gateway/target/classes started by vivekjoshi in /home/vivekjoshi/Desktop/MTECH CSE 2025/SEMESTER-2/ORDER_EASY_PROJECT/backend/api-gateway)
2026-06-23T18:31:33.445+05:30  INFO 35835 --- [api-gateway] [           main] c.o.api_gateway.ApiGatewayApplication    : No active profile set, falling back to 1 default profile: "default"
2026-06-23T18:31:34.435+05:30  INFO 35835 --- [api-gateway] [           main] o.s.cloud.context.scope.GenericScope     : BeanFactory id=e55f1c27-0b7d-3a0d-a887-f0a5d1baa3c7
2026-06-23T18:31:34.785+05:30  INFO 35835 --- [api-gateway] [           main] ctiveUserDetailsServiceAutoConfiguration : 

Using generated security password: cd67c2f4-6e40-4c5c-a484-2a02a6831e38

2026-06-23T18:31:35.407+05:30  INFO 35835 --- [api-gateway] [           main] o.s.c.g.r.RouteDefinitionRouteLocator    : Loaded RoutePredicateFactory [After]
2026-06-23T18:31:35.407+05:30  INFO 35835 --- [api-gateway] [           main] o.s.c.g.r.RouteDefinitionRouteLocator    : Loaded RoutePredicateFactory [Before]
2026-06-23T18:31:35.407+05:30  INFO 35835 --- [api-gateway] [           main] o.s.c.g.r.RouteDefinitionRouteLocator    : Loaded RoutePredicateFactory [Between]
2026-06-23T18:31:35.407+05:30  INFO 35835 --- [api-gateway] [           main] o.s.c.g.r.RouteDefinitionRouteLocator    : Loaded RoutePredicateFactory [Cookie]
2026-06-23T18:31:35.407+05:30  INFO 35835 --- [api-gateway] [           main] o.s.c.g.r.RouteDefinitionRouteLocator    : Loaded RoutePredicateFactory [Header]
2026-06-23T18:31:35.407+05:30  INFO 35835 --- [api-gateway] [           main] o.s.c.g.r.RouteDefinitionRouteLocator    : Loaded RoutePredicateFactory [Host]
2026-06-23T18:31:35.407+05:30  INFO 35835 --- [api-gateway] [           main] o.s.c.g.r.RouteDefinitionRouteLocator    : Loaded RoutePredicateFactory [Method]
2026-06-23T18:31:35.407+05:30  INFO 35835 --- [api-gateway] [           main] o.s.c.g.r.RouteDefinitionRouteLocator    : Loaded RoutePredicateFactory [Path]
2026-06-23T18:31:35.407+05:30  INFO 35835 --- [api-gateway] [           main] o.s.c.g.r.RouteDefinitionRouteLocator    : Loaded RoutePredicateFactory [Query]
2026-06-23T18:31:35.407+05:30  INFO 35835 --- [api-gateway] [           main] o.s.c.g.r.RouteDefinitionRouteLocator    : Loaded RoutePredicateFactory [ReadBody]
2026-06-23T18:31:35.407+05:30  INFO 35835 --- [api-gateway] [           main] o.s.c.g.r.RouteDefinitionRouteLocator    : Loaded RoutePredicateFactory [RemoteAddr]
2026-06-23T18:31:35.407+05:30  INFO 35835 --- [api-gateway] [           main] o.s.c.g.r.RouteDefinitionRouteLocator    : Loaded RoutePredicateFactory [Version]
2026-06-23T18:31:35.407+05:30  INFO 35835 --- [api-gateway] [           main] o.s.c.g.r.RouteDefinitionRouteLocator    : Loaded RoutePredicateFactory [XForwardedRemoteAddr]
2026-06-23T18:31:35.407+05:30  INFO 35835 --- [api-gateway] [           main] o.s.c.g.r.RouteDefinitionRouteLocator    : Loaded RoutePredicateFactory [Weight]
2026-06-23T18:31:35.408+05:30  INFO 35835 --- [api-gateway] [           main] o.s.c.g.r.RouteDefinitionRouteLocator    : Loaded RoutePredicateFactory [CloudFoundryRouteService]
2026-06-23T18:31:35.632+05:30  INFO 35835 --- [api-gateway] [           main] o.s.b.a.e.web.EndpointLinksResolver      : Exposing 1 endpoint beneath base path '/actuator'
2026-06-23T18:31:35.802+05:30  INFO 35835 --- [api-gateway] [           main] DiscoveryClientOptionalArgsConfiguration : Eureka HTTP Client uses RestClient.
2026-06-23T18:31:35.830+05:30  WARN 35835 --- [api-gateway] [           main] iguration$LoadBalancerCaffeineWarnLogger : Spring Cloud LoadBalancer is currently working with the default cache. While this cache implementation is useful for development and tests, it's recommended to use Caffeine cache in production.You can switch to using Caffeine cache, by adding it and org.springframework.cache.caffeine.CaffeineCacheManager to the classpath.
2026-06-23T18:31:35.877+05:30  INFO 35835 --- [api-gateway] [           main] o.s.c.n.eureka.InstanceInfoFactory       : Setting initial instance status as: STARTING
2026-06-23T18:31:35.898+05:30  INFO 35835 --- [api-gateway] [           main] com.netflix.discovery.DiscoveryClient    : Initializing Eureka in region us-east-1
2026-06-23T18:31:35.901+05:30  INFO 35835 --- [api-gateway] [           main] c.n.d.s.r.aws.ConfigClusterResolver      : Resolving eureka endpoints via configuration
2026-06-23T18:31:35.909+05:30  INFO 35835 --- [api-gateway] [           main] com.netflix.discovery.DiscoveryClient    : Disable delta property : false
2026-06-23T18:31:35.909+05:30  INFO 35835 --- [api-gateway] [           main] com.netflix.discovery.DiscoveryClient    : Single vip registry refresh property : null
2026-06-23T18:31:35.909+05:30  INFO 35835 --- [api-gateway] [           main] com.netflix.discovery.DiscoveryClient    : Force full registry fetch : false
2026-06-23T18:31:35.909+05:30  INFO 35835 --- [api-gateway] [           main] com.netflix.discovery.DiscoveryClient    : Application is null : false
2026-06-23T18:31:35.909+05:30  INFO 35835 --- [api-gateway] [           main] com.netflix.discovery.DiscoveryClient    : Registered Applications size is zero : true
2026-06-23T18:31:35.909+05:30  INFO 35835 --- [api-gateway] [           main] com.netflix.discovery.DiscoveryClient    : Application version is -1: true
2026-06-23T18:31:35.909+05:30  INFO 35835 --- [api-gateway] [           main] com.netflix.discovery.DiscoveryClient    : Getting all instance registry info from the eureka server
2026-06-23T18:31:36.257+05:30  INFO 35835 --- [api-gateway] [           main] com.netflix.discovery.DiscoveryClient    : The response status is 200
2026-06-23T18:31:36.259+05:30  INFO 35835 --- [api-gateway] [           main] com.netflix.discovery.DiscoveryClient    : Starting heartbeat executor: renew interval is: 30
2026-06-23T18:31:36.261+05:30  INFO 35835 --- [api-gateway] [           main] c.n.discovery.InstanceInfoReplicator     : InstanceInfoReplicator onDemand update allowed rate per min is 4
2026-06-23T18:31:36.263+05:30  INFO 35835 --- [api-gateway] [           main] com.netflix.discovery.DiscoveryClient    : Discovery Client initialized at timestamp 1782219696262 with initial instances count: 12
2026-06-23T18:31:36.267+05:30  INFO 35835 --- [api-gateway] [           main] o.s.c.n.e.s.EurekaServiceRegistry        : Registering application API-GATEWAY with eureka with status UP
2026-06-23T18:31:36.267+05:30  INFO 35835 --- [api-gateway] [foReplicator-%d] com.netflix.discovery.DiscoveryClient    : Saw local status change event StatusChangeEvent [timestamp=1782219696267, current=DOWN, previous=STARTING]
2026-06-23T18:31:36.267+05:30  INFO 35835 --- [api-gateway] [foReplicator-%d] com.netflix.discovery.DiscoveryClient    : DiscoveryClient_API-GATEWAY/api-gateway:b4e6935426c9db2aec0858cc27f1d60a: registering service...
2026-06-23T18:31:36.267+05:30  INFO 35835 --- [api-gateway] [           main] com.netflix.discovery.DiscoveryClient    : Saw local status change event StatusChangeEvent [timestamp=1782219696267, current=UP, previous=DOWN]
2026-06-23T18:31:36.267+05:30  WARN 35835 --- [api-gateway] [           main] c.n.discovery.InstanceInfoReplicator     : Ignoring onDemand update due to rate limiter
2026-06-23T18:31:36.267+05:30  WARN 35835 --- [api-gateway] [           main] c.n.discovery.InstanceInfoReplicator     : Ignoring onDemand update due to rate limiter
2026-06-23T18:31:36.304+05:30  INFO 35835 --- [api-gateway] [foReplicator-%d] com.netflix.discovery.DiscoveryClient    : DiscoveryClient_API-GATEWAY/api-gateway:b4e6935426c9db2aec0858cc27f1d60a - registration status: 204
2026-06-23T18:31:36.313+05:30  INFO 35835 --- [api-gateway] [foReplicator-%d] com.netflix.discovery.DiscoveryClient    : Saw local status change event StatusChangeEvent [timestamp=1782219696313, current=DOWN, previous=UP]
2026-06-23T18:31:36.313+05:30  WARN 35835 --- [api-gateway] [foReplicator-%d] c.n.discovery.InstanceInfoReplicator     : Ignoring onDemand update due to rate limiter
2026-06-23T18:31:36.313+05:30  INFO 35835 --- [api-gateway] [foReplicator-%d] com.netflix.discovery.DiscoveryClient    : DiscoveryClient_API-GATEWAY/api-gateway:b4e6935426c9db2aec0858cc27f1d60a: registering service...
2026-06-23T18:31:36.317+05:30  INFO 35835 --- [api-gateway] [foReplicator-%d] com.netflix.discovery.DiscoveryClient    : DiscoveryClient_API-GATEWAY/api-gateway:b4e6935426c9db2aec0858cc27f1d60a - registration status: 204
2026-06-23T18:31:36.406+05:30  INFO 35835 --- [api-gateway] [           main] o.s.boot.reactor.netty.NettyWebServer    : Netty started on port 8084 (http)
2026-06-23T18:31:36.408+05:30  INFO 35835 --- [api-gateway] [           main] .s.c.n.e.s.EurekaAutoServiceRegistration : Updating port to 8084
2026-06-23T18:31:36.451+05:30  INFO 35835 --- [api-gateway] [           main] c.o.api_gateway.ApiGatewayApplication    : Started ApiGatewayApplication in 3.374 seconds (process running for 3.835)
2026-06-23T18:32:06.318+05:30  INFO 35835 --- [api-gateway] [foReplicator-%d] com.netflix.discovery.DiscoveryClient    : Saw local status change event StatusChangeEvent [timestamp=1782219726318, current=UP, previous=DOWN]
2026-06-23T18:32:06.319+05:30  INFO 35835 --- [api-gateway] [foReplicator-%d] com.netflix.discovery.DiscoveryClient    : DiscoveryClient_API-GATEWAY/api-gateway:b4e6935426c9db2aec0858cc27f1d60a: registering service...
2026-06-23T18:32:06.322+05:30  INFO 35835 --- [api-gateway] [foReplicator-%d] com.netflix.discovery.DiscoveryClient    : DiscoveryClient_API-GATEWAY/api-gateway:b4e6935426c9db2aec0858cc27f1d60a - registration status: 204
