[INFO] Scanning for projects...
[INFO] 
[INFO] -------------------< com.ordereasy:payment-service >--------------------
[INFO] Building payment-service 0.0.1-SNAPSHOT
[INFO]   from pom.xml
[INFO] --------------------------------[ jar ]---------------------------------
[INFO] 
[INFO] >>> spring-boot:3.3.5:run (default-cli) > test-compile @ payment-service >>>
[INFO] 
[INFO] --- resources:3.3.1:resources (default-resources) @ payment-service ---
[INFO] Copying 1 resource from src/main/resources to target/classes
[INFO] Copying 0 resource from src/main/resources to target/classes
[INFO] 
[INFO] --- compiler:3.13.0:compile (default-compile) @ payment-service ---
[INFO] Nothing to compile - all classes are up to date.
[INFO] 
[INFO] --- resources:3.3.1:testResources (default-testResources) @ payment-service ---
[INFO] skip non existing resourceDirectory /home/vivekjoshi/Desktop/MTECH CSE 2025/SEMESTER-2/ORDER_EASY_PROJECT/backend/payment-service/src/test/resources
[INFO] 
[INFO] --- compiler:3.13.0:testCompile (default-testCompile) @ payment-service ---
[INFO] Nothing to compile - all classes are up to date.
[INFO] 
[INFO] <<< spring-boot:3.3.5:run (default-cli) < test-compile @ payment-service <<<
[INFO] 
[INFO] 
[INFO] --- spring-boot:3.3.5:run (default-cli) @ payment-service ---
[INFO] Attaching agents: []

  .   ____          _            __ _ _
 /\\ / ___'_ __ _ _(_)_ __  __ _ \ \ \ \
( ( )\___ | '_ | '_| | '_ \/ _` | \ \ \ \
 \\/  ___)| |_)| | | | | || (_| |  ) ) ) )
  '  |____| .__|_| |_|_| |_\__, | / / / /
 =========|_|==============|___/=/_/_/_/

 :: Spring Boot ::                (v3.3.5)

2026-06-23T18:17:16.548+05:30  INFO 23999 --- [payment-service] [           main] c.o.p.PaymentServiceApplication          : Starting PaymentServiceApplication using Java 21.0.10 with PID 23999 (/home/vivekjoshi/Desktop/MTECH CSE 2025/SEMESTER-2/ORDER_EASY_PROJECT/backend/payment-service/target/classes started by vivekjoshi in /home/vivekjoshi/Desktop/MTECH CSE 2025/SEMESTER-2/ORDER_EASY_PROJECT/backend/payment-service)
2026-06-23T18:17:16.551+05:30  INFO 23999 --- [payment-service] [           main] c.o.p.PaymentServiceApplication          : No active profile set, falling back to 1 default profile: "default"
2026-06-23T18:17:17.745+05:30  INFO 23999 --- [payment-service] [           main] .s.d.r.c.RepositoryConfigurationDelegate : Bootstrapping Spring Data JPA repositories in DEFAULT mode.
2026-06-23T18:17:18.001+05:30  INFO 23999 --- [payment-service] [           main] .s.d.r.c.RepositoryConfigurationDelegate : Finished Spring Data repository scanning in 236 ms. Found 1 JPA repository interface.
2026-06-23T18:17:18.276+05:30  INFO 23999 --- [payment-service] [           main] o.s.cloud.context.scope.GenericScope     : BeanFactory id=73410832-25f1-33a9-90c8-1ce6475cb151
2026-06-23T18:17:18.627+05:30  WARN 23999 --- [payment-service] [           main] trationDelegate$BeanPostProcessorChecker : Bean 'org.springframework.cloud.client.loadbalancer.LoadBalancerAutoConfiguration$DeferringLoadBalancerInterceptorConfig' of type [org.springframework.cloud.client.loadbalancer.LoadBalancerAutoConfiguration$DeferringLoadBalancerInterceptorConfig] is not eligible for getting processed by all BeanPostProcessors (for example: not eligible for auto-proxying). The currently created BeanPostProcessor [lbRestClientPostProcessor] is declared through a non-static factory method on that class; consider declaring it as static instead.
2026-06-23T18:17:18.630+05:30  WARN 23999 --- [payment-service] [           main] trationDelegate$BeanPostProcessorChecker : Bean 'deferringLoadBalancerInterceptor' of type [org.springframework.cloud.client.loadbalancer.DeferringLoadBalancerInterceptor] is not eligible for getting processed by all BeanPostProcessors (for example: not eligible for auto-proxying). Is this bean getting eagerly injected/applied to a currently created BeanPostProcessor [lbRestClientPostProcessor]? Check the corresponding BeanPostProcessor declaration and its dependencies/advisors. If this bean does not have to be post-processed, declare it with ROLE_INFRASTRUCTURE.
2026-06-23T18:17:18.944+05:30  INFO 23999 --- [payment-service] [           main] o.s.b.w.embedded.tomcat.TomcatWebServer  : Tomcat initialized with port 8090 (http)
2026-06-23T18:17:18.957+05:30  INFO 23999 --- [payment-service] [           main] o.apache.catalina.core.StandardService   : Starting service [Tomcat]
2026-06-23T18:17:18.957+05:30  INFO 23999 --- [payment-service] [           main] o.apache.catalina.core.StandardEngine    : Starting Servlet engine: [Apache Tomcat/10.1.31]
2026-06-23T18:17:19.032+05:30  INFO 23999 --- [payment-service] [           main] o.a.c.c.C.[Tomcat].[localhost].[/]       : Initializing Spring embedded WebApplicationContext
2026-06-23T18:17:19.034+05:30  INFO 23999 --- [payment-service] [           main] w.s.c.ServletWebServerApplicationContext : Root WebApplicationContext: initialization completed in 2445 ms
2026-06-23T18:17:19.416+05:30  INFO 23999 --- [payment-service] [           main] o.hibernate.jpa.internal.util.LogHelper  : HHH000204: Processing PersistenceUnitInfo [name: default]
2026-06-23T18:17:19.468+05:30  INFO 23999 --- [payment-service] [           main] org.hibernate.Version                    : HHH000412: Hibernate ORM core version 6.5.3.Final
2026-06-23T18:17:19.498+05:30  INFO 23999 --- [payment-service] [           main] o.h.c.internal.RegionFactoryInitiator    : HHH000026: Second-level cache disabled
2026-06-23T18:17:19.801+05:30  INFO 23999 --- [payment-service] [           main] o.s.o.j.p.SpringPersistenceUnitInfo      : No LoadTimeWeaver setup: ignoring JPA class transformer
2026-06-23T18:17:19.844+05:30  INFO 23999 --- [payment-service] [           main] com.zaxxer.hikari.HikariDataSource       : HikariPool-1 - Starting...
2026-06-23T18:17:20.197+05:30  INFO 23999 --- [payment-service] [           main] com.zaxxer.hikari.pool.HikariPool        : HikariPool-1 - Added connection com.mysql.cj.jdbc.ConnectionImpl@50caeb4b
2026-06-23T18:17:20.198+05:30  INFO 23999 --- [payment-service] [           main] com.zaxxer.hikari.HikariDataSource       : HikariPool-1 - Start completed.
2026-06-23T18:17:21.204+05:30  INFO 23999 --- [payment-service] [           main] o.h.e.t.j.p.i.JtaPlatformInitiator       : HHH000489: No JTA platform available (set 'hibernate.transaction.jta.platform' to enable JTA platform integration)
2026-06-23T18:17:21.264+05:30  INFO 23999 --- [payment-service] [           main] j.LocalContainerEntityManagerFactoryBean : Initialized JPA EntityManagerFactory for persistence unit 'default'
2026-06-23T18:17:21.640+05:30  INFO 23999 --- [payment-service] [           main] o.s.d.j.r.query.QueryEnhancerFactory     : Hibernate is in classpath; If applicable, HQL parser will be used.
2026-06-23T18:17:22.337+05:30  WARN 23999 --- [payment-service] [           main] JpaBaseConfiguration$JpaWebConfiguration : spring.jpa.open-in-view is enabled by default. Therefore, database queries may be performed during view rendering. Explicitly configure spring.jpa.open-in-view to disable this warning
2026-06-23T18:17:23.411+05:30  INFO 23999 --- [payment-service] [           main] DiscoveryClientOptionalArgsConfiguration : Eureka HTTP Client uses RestTemplate.
2026-06-23T18:17:23.471+05:30  WARN 23999 --- [payment-service] [           main] iguration$LoadBalancerCaffeineWarnLogger : Spring Cloud LoadBalancer is currently working with the default cache. While this cache implementation is useful for development and tests, it's recommended to use Caffeine cache in production.You can switch to using Caffeine cache, by adding it and org.springframework.cache.caffeine.CaffeineCacheManager to the classpath.
2026-06-23T18:17:23.481+05:30  INFO 23999 --- [payment-service] [           main] o.s.b.a.e.web.EndpointLinksResolver      : Exposing 1 endpoint beneath base path '/actuator'
2026-06-23T18:17:23.610+05:30  INFO 23999 --- [payment-service] [           main] o.s.c.n.eureka.InstanceInfoFactory       : Setting initial instance status as: STARTING
2026-06-23T18:17:23.639+05:30  INFO 23999 --- [payment-service] [           main] com.netflix.discovery.DiscoveryClient    : Initializing Eureka in region us-east-1
2026-06-23T18:17:23.644+05:30  INFO 23999 --- [payment-service] [           main] c.n.d.s.r.aws.ConfigClusterResolver      : Resolving eureka endpoints via configuration
2026-06-23T18:17:23.654+05:30  INFO 23999 --- [payment-service] [           main] com.netflix.discovery.DiscoveryClient    : Disable delta property : false
2026-06-23T18:17:23.654+05:30  INFO 23999 --- [payment-service] [           main] com.netflix.discovery.DiscoveryClient    : Single vip registry refresh property : null
2026-06-23T18:17:23.654+05:30  INFO 23999 --- [payment-service] [           main] com.netflix.discovery.DiscoveryClient    : Force full registry fetch : false
2026-06-23T18:17:23.654+05:30  INFO 23999 --- [payment-service] [           main] com.netflix.discovery.DiscoveryClient    : Application is null : false
2026-06-23T18:17:23.655+05:30  INFO 23999 --- [payment-service] [           main] com.netflix.discovery.DiscoveryClient    : Registered Applications size is zero : true
2026-06-23T18:17:23.655+05:30  INFO 23999 --- [payment-service] [           main] com.netflix.discovery.DiscoveryClient    : Application version is -1: true
2026-06-23T18:17:23.655+05:30  INFO 23999 --- [payment-service] [           main] com.netflix.discovery.DiscoveryClient    : Getting all instance registry info from the eureka server
2026-06-23T18:17:23.967+05:30  INFO 23999 --- [payment-service] [           main] com.netflix.discovery.DiscoveryClient    : The response status is 200
2026-06-23T18:17:23.969+05:30  INFO 23999 --- [payment-service] [           main] com.netflix.discovery.DiscoveryClient    : Starting heartbeat executor: renew interval is: 30
2026-06-23T18:17:23.971+05:30  INFO 23999 --- [payment-service] [           main] c.n.discovery.InstanceInfoReplicator     : InstanceInfoReplicator onDemand update allowed rate per min is 4
2026-06-23T18:17:23.973+05:30  INFO 23999 --- [payment-service] [           main] com.netflix.discovery.DiscoveryClient    : Discovery Client initialized at timestamp 1782218843971 with initial instances count: 9
2026-06-23T18:17:23.984+05:30  INFO 23999 --- [payment-service] [           main] o.s.c.n.e.s.EurekaServiceRegistry        : Registering application PAYMENT-SERVICE with eureka with status UP
2026-06-23T18:17:23.985+05:30  INFO 23999 --- [payment-service] [           main] com.netflix.discovery.DiscoveryClient    : Saw local status change event StatusChangeEvent [timestamp=1782218843984, current=UP, previous=STARTING]
2026-06-23T18:17:23.985+05:30  WARN 23999 --- [payment-service] [           main] c.n.discovery.InstanceInfoReplicator     : Ignoring onDemand update due to rate limiter
2026-06-23T18:17:23.986+05:30  INFO 23999 --- [payment-service] [foReplicator-%d] com.netflix.discovery.DiscoveryClient    : DiscoveryClient_PAYMENT-SERVICE/payment-service:9d1674858ec23d59227ea5d67d2d3e9d: registering service...
2026-06-23T18:17:24.005+05:30  INFO 23999 --- [payment-service] [           main] o.s.b.w.embedded.tomcat.TomcatWebServer  : Tomcat started on port 8090 (http) with context path '/'
2026-06-23T18:17:24.006+05:30  INFO 23999 --- [payment-service] [           main] .s.c.n.e.s.EurekaAutoServiceRegistration : Updating port to 8090
2026-06-23T18:17:24.040+05:30  INFO 23999 --- [payment-service] [foReplicator-%d] com.netflix.discovery.DiscoveryClient    : DiscoveryClient_PAYMENT-SERVICE/payment-service:9d1674858ec23d59227ea5d67d2d3e9d - registration status: 204
2026-06-23T18:17:24.067+05:30  INFO 23999 --- [payment-service] [           main] o.a.k.clients.consumer.ConsumerConfig    : ConsumerConfig values: 
	allow.auto.create.topics = true
	auto.commit.interval.ms = 5000
	auto.include.jmx.reporter = true
	auto.offset.reset = earliest
	bootstrap.servers = [localhost:9092]
	check.crcs = true
	client.dns.lookup = use_all_dns_ips
	client.id = consumer-payment-group-1
	client.rack = 
	connections.max.idle.ms = 540000
	default.api.timeout.ms = 60000
	enable.auto.commit = false
	enable.metrics.push = true
	exclude.internal.topics = true
	fetch.max.bytes = 52428800
	fetch.max.wait.ms = 500
	fetch.min.bytes = 1
	group.id = payment-group
	group.instance.id = null
	group.protocol = classic
	group.remote.assignor = null
	heartbeat.interval.ms = 3000
	interceptor.classes = []
	internal.leave.group.on.close = true
	internal.throw.on.fetch.stable.offset.unsupported = false
	isolation.level = read_uncommitted
	key.deserializer = class org.apache.kafka.common.serialization.StringDeserializer
	max.partition.fetch.bytes = 1048576
	max.poll.interval.ms = 300000
	max.poll.records = 500
	metadata.max.age.ms = 300000
	metric.reporters = []
	metrics.num.samples = 2
	metrics.recording.level = INFO
	metrics.sample.window.ms = 30000
	partition.assignment.strategy = [class org.apache.kafka.clients.consumer.RangeAssignor, class org.apache.kafka.clients.consumer.CooperativeStickyAssignor]
	receive.buffer.bytes = 65536
	reconnect.backoff.max.ms = 1000
	reconnect.backoff.ms = 50
	request.timeout.ms = 30000
	retry.backoff.max.ms = 1000
	retry.backoff.ms = 100
	sasl.client.callback.handler.class = null
	sasl.jaas.config = null
	sasl.kerberos.kinit.cmd = /usr/bin/kinit
	sasl.kerberos.min.time.before.relogin = 60000
	sasl.kerberos.service.name = null
	sasl.kerberos.ticket.renew.jitter = 0.05
	sasl.kerberos.ticket.renew.window.factor = 0.8
	sasl.login.callback.handler.class = null
	sasl.login.class = null
	sasl.login.connect.timeout.ms = null
	sasl.login.read.timeout.ms = null
	sasl.login.refresh.buffer.seconds = 300
	sasl.login.refresh.min.period.seconds = 60
	sasl.login.refresh.window.factor = 0.8
	sasl.login.refresh.window.jitter = 0.05
	sasl.login.retry.backoff.max.ms = 10000
	sasl.login.retry.backoff.ms = 100
	sasl.mechanism = GSSAPI
	sasl.oauthbearer.clock.skew.seconds = 30
	sasl.oauthbearer.expected.audience = null
	sasl.oauthbearer.expected.issuer = null
	sasl.oauthbearer.jwks.endpoint.refresh.ms = 3600000
	sasl.oauthbearer.jwks.endpoint.retry.backoff.max.ms = 10000
	sasl.oauthbearer.jwks.endpoint.retry.backoff.ms = 100
	sasl.oauthbearer.jwks.endpoint.url = null
	sasl.oauthbearer.scope.claim.name = scope
	sasl.oauthbearer.sub.claim.name = sub
	sasl.oauthbearer.token.endpoint.url = null
	security.protocol = PLAINTEXT
	security.providers = null
	send.buffer.bytes = 131072
	session.timeout.ms = 45000
	socket.connection.setup.timeout.max.ms = 30000
	socket.connection.setup.timeout.ms = 10000
	ssl.cipher.suites = null
	ssl.enabled.protocols = [TLSv1.2, TLSv1.3]
	ssl.endpoint.identification.algorithm = https
	ssl.engine.factory.class = null
	ssl.key.password = null
	ssl.keymanager.algorithm = SunX509
	ssl.keystore.certificate.chain = null
	ssl.keystore.key = null
	ssl.keystore.location = null
	ssl.keystore.password = null
	ssl.keystore.type = JKS
	ssl.protocol = TLSv1.3
	ssl.provider = null
	ssl.secure.random.implementation = null
	ssl.trustmanager.algorithm = PKIX
	ssl.truststore.certificates = null
	ssl.truststore.location = null
	ssl.truststore.password = null
	ssl.truststore.type = JKS
	value.deserializer = class org.springframework.kafka.support.serializer.JsonDeserializer

2026-06-23T18:17:24.122+05:30  INFO 23999 --- [payment-service] [           main] o.a.k.c.t.i.KafkaMetricsCollector        : initializing Kafka metrics collector
2026-06-23T18:17:24.297+05:30  INFO 23999 --- [payment-service] [           main] o.a.kafka.common.utils.AppInfoParser     : Kafka version: 3.7.1
2026-06-23T18:17:24.298+05:30  INFO 23999 --- [payment-service] [           main] o.a.kafka.common.utils.AppInfoParser     : Kafka commitId: e2494e6ffb89f828
2026-06-23T18:17:24.298+05:30  INFO 23999 --- [payment-service] [           main] o.a.kafka.common.utils.AppInfoParser     : Kafka startTimeMs: 1782218844296
2026-06-23T18:17:24.314+05:30  INFO 23999 --- [payment-service] [           main] o.a.k.c.c.internals.LegacyKafkaConsumer  : [Consumer clientId=consumer-payment-group-1, groupId=payment-group] Subscribed to topic(s): order-created
2026-06-23T18:17:24.340+05:30  INFO 23999 --- [payment-service] [           main] c.o.p.PaymentServiceApplication          : Started PaymentServiceApplication in 8.248 seconds (process running for 8.626)
2026-06-23T18:17:24.668+05:30  INFO 23999 --- [payment-service] [ntainer#0-0-C-1] org.apache.kafka.clients.Metadata        : [Consumer clientId=consumer-payment-group-1, groupId=payment-group] Cluster ID: Ve50mlexTHa3pctF6-t9wQ
2026-06-23T18:17:24.669+05:30  INFO 23999 --- [payment-service] [ntainer#0-0-C-1] o.a.k.c.c.internals.ConsumerCoordinator  : [Consumer clientId=consumer-payment-group-1, groupId=payment-group] Discovered group coordinator localhost:9092 (id: 2147482646 rack: null)
2026-06-23T18:17:24.671+05:30  INFO 23999 --- [payment-service] [ntainer#0-0-C-1] o.a.k.c.c.internals.ConsumerCoordinator  : [Consumer clientId=consumer-payment-group-1, groupId=payment-group] (Re-)joining group
2026-06-23T18:17:24.684+05:30  INFO 23999 --- [payment-service] [ntainer#0-0-C-1] o.a.k.c.c.internals.ConsumerCoordinator  : [Consumer clientId=consumer-payment-group-1, groupId=payment-group] Request joining group due to: need to re-join with the given member-id: consumer-payment-group-1-35ca005b-eab8-4af7-af6e-1957b694cc73
2026-06-23T18:17:24.684+05:30  INFO 23999 --- [payment-service] [ntainer#0-0-C-1] o.a.k.c.c.internals.ConsumerCoordinator  : [Consumer clientId=consumer-payment-group-1, groupId=payment-group] (Re-)joining group
2026-06-23T18:17:37.834+05:30  INFO 23999 --- [payment-service] [nio-8090-exec-1] o.a.c.c.C.[Tomcat].[localhost].[/]       : Initializing Spring DispatcherServlet 'dispatcherServlet'
2026-06-23T18:17:37.834+05:30  INFO 23999 --- [payment-service] [nio-8090-exec-1] o.s.web.servlet.DispatcherServlet        : Initializing Servlet 'dispatcherServlet'
2026-06-23T18:17:37.837+05:30  INFO 23999 --- [payment-service] [nio-8090-exec-1] o.s.web.servlet.DispatcherServlet        : Completed initialization in 3 ms
2026-06-23T18:17:50.473+05:30  INFO 23999 --- [payment-service] [ntainer#0-0-C-1] o.a.k.c.c.internals.ConsumerCoordinator  : [Consumer clientId=consumer-payment-group-1, groupId=payment-group] Successfully joined group with generation Generation{generationId=2, memberId='consumer-payment-group-1-35ca005b-eab8-4af7-af6e-1957b694cc73', protocol='range'}
2026-06-23T18:17:50.484+05:30  INFO 23999 --- [payment-service] [ntainer#0-0-C-1] o.a.k.c.c.internals.ConsumerCoordinator  : [Consumer clientId=consumer-payment-group-1, groupId=payment-group] Finished assignment for group at generation 2: {consumer-payment-group-1-35ca005b-eab8-4af7-af6e-1957b694cc73=Assignment(partitions=[order-created-0])}
2026-06-23T18:17:50.491+05:30  INFO 23999 --- [payment-service] [ntainer#0-0-C-1] o.a.k.c.c.internals.ConsumerCoordinator  : [Consumer clientId=consumer-payment-group-1, groupId=payment-group] Successfully synced group in generation Generation{generationId=2, memberId='consumer-payment-group-1-35ca005b-eab8-4af7-af6e-1957b694cc73', protocol='range'}
2026-06-23T18:17:50.492+05:30  INFO 23999 --- [payment-service] [ntainer#0-0-C-1] o.a.k.c.c.internals.ConsumerCoordinator  : [Consumer clientId=consumer-payment-group-1, groupId=payment-group] Notifying assignor about the new Assignment(partitions=[order-created-0])
2026-06-23T18:17:50.495+05:30  INFO 23999 --- [payment-service] [ntainer#0-0-C-1] k.c.c.i.ConsumerRebalanceListenerInvoker : [Consumer clientId=consumer-payment-group-1, groupId=payment-group] Adding newly assigned partitions: order-created-0
2026-06-23T18:17:50.503+05:30  INFO 23999 --- [payment-service] [ntainer#0-0-C-1] o.a.k.c.c.internals.ConsumerCoordinator  : [Consumer clientId=consumer-payment-group-1, groupId=payment-group] Found no committed offset for partition order-created-0
2026-06-23T18:17:50.518+05:30  INFO 23999 --- [payment-service] [ntainer#0-0-C-1] o.a.k.c.c.internals.SubscriptionState    : [Consumer clientId=consumer-payment-group-1, groupId=payment-group] Resetting offset for partition order-created-0 to position FetchPosition{offset=0, offsetEpoch=Optional.empty, currentLeader=LeaderAndEpoch{leader=Optional[localhost:9092 (id: 1001 rack: null)], epoch=0}}.
2026-06-23T18:17:50.519+05:30  INFO 23999 --- [payment-service] [ntainer#0-0-C-1] o.s.k.l.KafkaMessageListenerContainer    : payment-group: partitions assigned: [order-created-0]
2026-06-23T18:22:23.657+05:30  INFO 23999 --- [payment-service] [rap-executor-%d] c.n.d.s.r.aws.ConfigClusterResolver      : Resolving eureka endpoints via configuration
2026-06-23T18:24:06.289+05:30  INFO 23999 --- [payment-service] [ntainer#0-0-C-1] c.o.p.kafka.PaymentKafkaConsumer         : Received order-created event for order: 63
2026-06-23T18:24:06.299+05:30  INFO 23999 --- [payment-service] [ntainer#0-0-C-1] c.o.p.service.PaymentService             : Processing payment for order: 63
Hibernate: select p1_0.id,p1_0.amount,p1_0.created_at,p1_0.idempotency_key,p1_0.order_id,p1_0.status,p1_0.transaction_id,p1_0.user_id from payments p1_0 where p1_0.order_id=?
Hibernate: insert into payments (amount,created_at,idempotency_key,order_id,status,transaction_id,user_id) values (?,?,?,?,?,?,?)
2026-06-23T18:24:06.464+05:30  INFO 23999 --- [payment-service] [ntainer#0-0-C-1] o.a.k.clients.producer.ProducerConfig    : ProducerConfig values: 
	acks = -1
	auto.include.jmx.reporter = true
	batch.size = 16384
	bootstrap.servers = [localhost:9092]
	buffer.memory = 33554432
	client.dns.lookup = use_all_dns_ips
	client.id = payment-service-producer-1
	compression.type = none
	connections.max.idle.ms = 540000
	delivery.timeout.ms = 120000
	enable.idempotence = true
	enable.metrics.push = true
	interceptor.classes = []
	key.serializer = class org.apache.kafka.common.serialization.StringSerializer
	linger.ms = 0
	max.block.ms = 60000
	max.in.flight.requests.per.connection = 5
	max.request.size = 1048576
	metadata.max.age.ms = 300000
	metadata.max.idle.ms = 300000
	metric.reporters = []
	metrics.num.samples = 2
	metrics.recording.level = INFO
	metrics.sample.window.ms = 30000
	partitioner.adaptive.partitioning.enable = true
	partitioner.availability.timeout.ms = 0
	partitioner.class = null
	partitioner.ignore.keys = false
	receive.buffer.bytes = 32768
	reconnect.backoff.max.ms = 1000
	reconnect.backoff.ms = 50
	request.timeout.ms = 30000
	retries = 2147483647
	retry.backoff.max.ms = 1000
	retry.backoff.ms = 100
	sasl.client.callback.handler.class = null
	sasl.jaas.config = null
	sasl.kerberos.kinit.cmd = /usr/bin/kinit
	sasl.kerberos.min.time.before.relogin = 60000
	sasl.kerberos.service.name = null
	sasl.kerberos.ticket.renew.jitter = 0.05
	sasl.kerberos.ticket.renew.window.factor = 0.8
	sasl.login.callback.handler.class = null
	sasl.login.class = null
	sasl.login.connect.timeout.ms = null
	sasl.login.read.timeout.ms = null
	sasl.login.refresh.buffer.seconds = 300
	sasl.login.refresh.min.period.seconds = 60
	sasl.login.refresh.window.factor = 0.8
	sasl.login.refresh.window.jitter = 0.05
	sasl.login.retry.backoff.max.ms = 10000
	sasl.login.retry.backoff.ms = 100
	sasl.mechanism = GSSAPI
	sasl.oauthbearer.clock.skew.seconds = 30
	sasl.oauthbearer.expected.audience = null
	sasl.oauthbearer.expected.issuer = null
	sasl.oauthbearer.jwks.endpoint.refresh.ms = 3600000
	sasl.oauthbearer.jwks.endpoint.retry.backoff.max.ms = 10000
	sasl.oauthbearer.jwks.endpoint.retry.backoff.ms = 100
	sasl.oauthbearer.jwks.endpoint.url = null
	sasl.oauthbearer.scope.claim.name = scope
	sasl.oauthbearer.sub.claim.name = sub
	sasl.oauthbearer.token.endpoint.url = null
	security.protocol = PLAINTEXT
	security.providers = null
	send.buffer.bytes = 131072
	socket.connection.setup.timeout.max.ms = 30000
	socket.connection.setup.timeout.ms = 10000
	ssl.cipher.suites = null
	ssl.enabled.protocols = [TLSv1.2, TLSv1.3]
	ssl.endpoint.identification.algorithm = https
	ssl.engine.factory.class = null
	ssl.key.password = null
	ssl.keymanager.algorithm = SunX509
	ssl.keystore.certificate.chain = null
	ssl.keystore.key = null
	ssl.keystore.location = null
	ssl.keystore.password = null
	ssl.keystore.type = JKS
	ssl.protocol = TLSv1.3
	ssl.provider = null
	ssl.secure.random.implementation = null
	ssl.trustmanager.algorithm = PKIX
	ssl.truststore.certificates = null
	ssl.truststore.location = null
	ssl.truststore.password = null
	ssl.truststore.type = JKS
	transaction.timeout.ms = 60000
	transactional.id = null
	value.serializer = class org.springframework.kafka.support.serializer.JsonSerializer

2026-06-23T18:24:06.465+05:30  INFO 23999 --- [payment-service] [ntainer#0-0-C-1] o.a.k.c.t.i.KafkaMetricsCollector        : initializing Kafka metrics collector
2026-06-23T18:24:06.473+05:30  INFO 23999 --- [payment-service] [ntainer#0-0-C-1] o.a.k.clients.producer.KafkaProducer     : [Producer clientId=payment-service-producer-1] Instantiated an idempotent producer.
2026-06-23T18:24:06.487+05:30  INFO 23999 --- [payment-service] [ntainer#0-0-C-1] o.a.kafka.common.utils.AppInfoParser     : Kafka version: 3.7.1
2026-06-23T18:24:06.488+05:30  INFO 23999 --- [payment-service] [ntainer#0-0-C-1] o.a.kafka.common.utils.AppInfoParser     : Kafka commitId: e2494e6ffb89f828
2026-06-23T18:24:06.488+05:30  INFO 23999 --- [payment-service] [ntainer#0-0-C-1] o.a.kafka.common.utils.AppInfoParser     : Kafka startTimeMs: 1782219246487
2026-06-23T18:24:06.494+05:30  INFO 23999 --- [payment-service] [vice-producer-1] org.apache.kafka.clients.Metadata        : [Producer clientId=payment-service-producer-1] Cluster ID: Ve50mlexTHa3pctF6-t9wQ
2026-06-23T18:24:06.495+05:30  INFO 23999 --- [payment-service] [vice-producer-1] o.a.k.c.p.internals.TransactionManager   : [Producer clientId=payment-service-producer-1] ProducerId set to 1 with epoch 0
2026-06-23T18:24:06.505+05:30  INFO 23999 --- [payment-service] [ntainer#0-0-C-1] c.o.p.service.PaymentService             : Payment completed for order: 63, status: SUCCESS
2026-06-23T18:24:34.433+05:30  INFO 23999 --- [payment-service] [ntainer#0-0-C-1] c.o.p.kafka.PaymentKafkaConsumer         : Received order-created event for order: 64
2026-06-23T18:24:34.434+05:30  INFO 23999 --- [payment-service] [ntainer#0-0-C-1] c.o.p.service.PaymentService             : Processing payment for order: 64
Hibernate: select p1_0.id,p1_0.amount,p1_0.created_at,p1_0.idempotency_key,p1_0.order_id,p1_0.status,p1_0.transaction_id,p1_0.user_id from payments p1_0 where p1_0.order_id=?
Hibernate: insert into payments (amount,created_at,idempotency_key,order_id,status,transaction_id,user_id) values (?,?,?,?,?,?,?)
2026-06-23T18:24:34.440+05:30  INFO 23999 --- [payment-service] [ntainer#0-0-C-1] c.o.p.service.PaymentService             : Payment completed for order: 64, status: SUCCESS
2026-06-23T18:26:14.056+05:30  INFO 23999 --- [payment-service] [ntainer#0-0-C-1] c.o.p.kafka.PaymentKafkaConsumer         : Received order-created event for order: 65
2026-06-23T18:26:14.058+05:30  INFO 23999 --- [payment-service] [ntainer#0-0-C-1] c.o.p.service.PaymentService             : Processing payment for order: 65
Hibernate: select p1_0.id,p1_0.amount,p1_0.created_at,p1_0.idempotency_key,p1_0.order_id,p1_0.status,p1_0.transaction_id,p1_0.user_id from payments p1_0 where p1_0.order_id=?
Hibernate: insert into payments (amount,created_at,idempotency_key,order_id,status,transaction_id,user_id) values (?,?,?,?,?,?,?)
2026-06-23T18:26:14.066+05:30  INFO 23999 --- [payment-service] [ntainer#0-0-C-1] c.o.p.service.PaymentService             : Payment completed for order: 65, status: SUCCESS
2026-06-23T18:26:25.086+05:30  INFO 23999 --- [payment-service] [ntainer#0-0-C-1] org.apache.kafka.clients.NetworkClient   : [Consumer clientId=consumer-payment-group-1, groupId=payment-group] Node -1 disconnected.
2026-06-23T18:27:23.658+05:30  INFO 23999 --- [payment-service] [rap-executor-%d] c.n.d.s.r.aws.ConfigClusterResolver      : Resolving eureka endpoints via configuration
2026-06-23T18:30:16.243+05:30  INFO 23999 --- [payment-service] [ntainer#0-0-C-1] c.o.p.kafka.PaymentKafkaConsumer         : Received order-created event for order: 66
2026-06-23T18:30:16.244+05:30  INFO 23999 --- [payment-service] [ntainer#0-0-C-1] c.o.p.service.PaymentService             : Processing payment for order: 66
Hibernate: select p1_0.id,p1_0.amount,p1_0.created_at,p1_0.idempotency_key,p1_0.order_id,p1_0.status,p1_0.transaction_id,p1_0.user_id from payments p1_0 where p1_0.order_id=?
Hibernate: insert into payments (amount,created_at,idempotency_key,order_id,status,transaction_id,user_id) values (?,?,?,?,?,?,?)
2026-06-23T18:30:16.251+05:30  INFO 23999 --- [payment-service] [ntainer#0-0-C-1] c.o.p.service.PaymentService             : Payment completed for order: 66, status: SUCCESS
2026-06-23T18:32:06.606+05:30  INFO 23999 --- [payment-service] [ntainer#0-0-C-1] c.o.p.kafka.PaymentKafkaConsumer         : Received order-created event for order: 67
2026-06-23T18:32:06.608+05:30  INFO 23999 --- [payment-service] [ntainer#0-0-C-1] c.o.p.service.PaymentService             : Processing payment for order: 67
Hibernate: select p1_0.id,p1_0.amount,p1_0.created_at,p1_0.idempotency_key,p1_0.order_id,p1_0.status,p1_0.transaction_id,p1_0.user_id from payments p1_0 where p1_0.order_id=?
Hibernate: insert into payments (amount,created_at,idempotency_key,order_id,status,transaction_id,user_id) values (?,?,?,?,?,?,?)
2026-06-23T18:32:06.615+05:30  INFO 23999 --- [payment-service] [ntainer#0-0-C-1] c.o.p.service.PaymentService             : Payment completed for order: 67, status: SUCCESS
2026-06-23T18:32:23.659+05:30  INFO 23999 --- [payment-service] [rap-executor-%d] c.n.d.s.r.aws.ConfigClusterResolver      : Resolving eureka endpoints via configuration
2026-06-23T18:33:06.661+05:30  INFO 23999 --- [payment-service] [vice-producer-1] org.apache.kafka.clients.NetworkClient   : [Producer clientId=payment-service-producer-1] Node -1 disconnected.
