[INFO] Scanning for projects...
[INFO] 
[INFO] -------------------< com.ordereasy:product-service >--------------------
[INFO] Building product-service 0.0.1-SNAPSHOT
[INFO]   from pom.xml
[INFO] --------------------------------[ jar ]---------------------------------
[INFO] 
[INFO] >>> spring-boot:3.3.5:run (default-cli) > test-compile @ product-service >>>
[INFO] 
[INFO] --- resources:3.3.1:resources (default-resources) @ product-service ---
[INFO] Copying 1 resource from src/main/resources to target/classes
[INFO] Copying 0 resource from src/main/resources to target/classes
[INFO] 
[INFO] --- compiler:3.13.0:compile (default-compile) @ product-service ---
[INFO] Nothing to compile - all classes are up to date.
[INFO] 
[INFO] --- resources:3.3.1:testResources (default-testResources) @ product-service ---
[INFO] skip non existing resourceDirectory /home/vivekjoshi/Desktop/MTECH CSE 2025/SEMESTER-2/ORDER_EASY_PROJECT/backend/product-service/src/test/resources
[INFO] 
[INFO] --- compiler:3.13.0:testCompile (default-testCompile) @ product-service ---
[INFO] Nothing to compile - all classes are up to date.
[INFO] 
[INFO] <<< spring-boot:3.3.5:run (default-cli) < test-compile @ product-service <<<
[INFO] 
[INFO] 
[INFO] --- spring-boot:3.3.5:run (default-cli) @ product-service ---
[INFO] Attaching agents: []

  .   ____          _            __ _ _
 /\\ / ___'_ __ _ _(_)_ __  __ _ \ \ \ \
( ( )\___ | '_ | '_| | '_ \/ _` | \ \ \ \
 \\/  ___)| |_)| | | | | || (_| |  ) ) ) )
  '  |____| .__|_| |_|_| |_\__, | / / / /
 =========|_|==============|___/=/_/_/_/

 :: Spring Boot ::                (v3.3.5)

2026-06-23T18:19:33.740+05:30  INFO 25622 --- [product-service] [           main] c.o.p.ProductServiceApplication          : Starting ProductServiceApplication using Java 21.0.10 with PID 25622 (/home/vivekjoshi/Desktop/MTECH CSE 2025/SEMESTER-2/ORDER_EASY_PROJECT/backend/product-service/target/classes started by vivekjoshi in /home/vivekjoshi/Desktop/MTECH CSE 2025/SEMESTER-2/ORDER_EASY_PROJECT/backend/product-service)
2026-06-23T18:19:33.743+05:30  INFO 25622 --- [product-service] [           main] c.o.p.ProductServiceApplication          : No active profile set, falling back to 1 default profile: "default"
2026-06-23T18:19:34.722+05:30  INFO 25622 --- [product-service] [           main] .s.d.r.c.RepositoryConfigurationDelegate : Bootstrapping Spring Data JPA repositories in DEFAULT mode.
2026-06-23T18:19:34.839+05:30  INFO 25622 --- [product-service] [           main] .s.d.r.c.RepositoryConfigurationDelegate : Finished Spring Data repository scanning in 111 ms. Found 1 JPA repository interface.
2026-06-23T18:19:35.020+05:30  INFO 25622 --- [product-service] [           main] o.s.cloud.context.scope.GenericScope     : BeanFactory id=24e8b2da-88ea-300b-b092-207e7e16f32d
2026-06-23T18:19:35.277+05:30  WARN 25622 --- [product-service] [           main] trationDelegate$BeanPostProcessorChecker : Bean 'org.springframework.cloud.client.loadbalancer.LoadBalancerAutoConfiguration$DeferringLoadBalancerInterceptorConfig' of type [org.springframework.cloud.client.loadbalancer.LoadBalancerAutoConfiguration$DeferringLoadBalancerInterceptorConfig] is not eligible for getting processed by all BeanPostProcessors (for example: not eligible for auto-proxying). The currently created BeanPostProcessor [lbRestClientPostProcessor] is declared through a non-static factory method on that class; consider declaring it as static instead.
2026-06-23T18:19:35.280+05:30  WARN 25622 --- [product-service] [           main] trationDelegate$BeanPostProcessorChecker : Bean 'deferringLoadBalancerInterceptor' of type [org.springframework.cloud.client.loadbalancer.DeferringLoadBalancerInterceptor] is not eligible for getting processed by all BeanPostProcessors (for example: not eligible for auto-proxying). Is this bean getting eagerly injected/applied to a currently created BeanPostProcessor [lbRestClientPostProcessor]? Check the corresponding BeanPostProcessor declaration and its dependencies/advisors. If this bean does not have to be post-processed, declare it with ROLE_INFRASTRUCTURE.
2026-06-23T18:19:35.532+05:30  INFO 25622 --- [product-service] [           main] o.s.b.w.embedded.tomcat.TomcatWebServer  : Tomcat initialized with port 8082 (http)
2026-06-23T18:19:35.552+05:30  INFO 25622 --- [product-service] [           main] o.apache.catalina.core.StandardService   : Starting service [Tomcat]
2026-06-23T18:19:35.552+05:30  INFO 25622 --- [product-service] [           main] o.apache.catalina.core.StandardEngine    : Starting Servlet engine: [Apache Tomcat/10.1.31]
2026-06-23T18:19:35.605+05:30  INFO 25622 --- [product-service] [           main] o.a.c.c.C.[Tomcat].[localhost].[/]       : Initializing Spring embedded WebApplicationContext
2026-06-23T18:19:35.606+05:30  INFO 25622 --- [product-service] [           main] w.s.c.ServletWebServerApplicationContext : Root WebApplicationContext: initialization completed in 1829 ms
2026-06-23T18:19:35.912+05:30  INFO 25622 --- [product-service] [           main] o.hibernate.jpa.internal.util.LogHelper  : HHH000204: Processing PersistenceUnitInfo [name: default]
2026-06-23T18:19:35.948+05:30  INFO 25622 --- [product-service] [           main] org.hibernate.Version                    : HHH000412: Hibernate ORM core version 6.5.3.Final
2026-06-23T18:19:35.977+05:30  INFO 25622 --- [product-service] [           main] o.h.c.internal.RegionFactoryInitiator    : HHH000026: Second-level cache disabled
2026-06-23T18:19:36.186+05:30  INFO 25622 --- [product-service] [           main] o.s.o.j.p.SpringPersistenceUnitInfo      : No LoadTimeWeaver setup: ignoring JPA class transformer
2026-06-23T18:19:36.209+05:30  INFO 25622 --- [product-service] [           main] com.zaxxer.hikari.HikariDataSource       : HikariPool-1 - Starting...
2026-06-23T18:19:36.484+05:30  INFO 25622 --- [product-service] [           main] com.zaxxer.hikari.pool.HikariPool        : HikariPool-1 - Added connection com.mysql.cj.jdbc.ConnectionImpl@75345e47
2026-06-23T18:19:36.485+05:30  INFO 25622 --- [product-service] [           main] com.zaxxer.hikari.HikariDataSource       : HikariPool-1 - Start completed.
2026-06-23T18:19:36.525+05:30  WARN 25622 --- [product-service] [           main] org.hibernate.orm.deprecation            : HHH90000025: MySQLDialect does not need to be specified explicitly using 'hibernate.dialect' (remove the property setting and it will be selected by default)
2026-06-23T18:19:37.183+05:30  INFO 25622 --- [product-service] [           main] o.h.e.t.j.p.i.JtaPlatformInitiator       : HHH000489: No JTA platform available (set 'hibernate.transaction.jta.platform' to enable JTA platform integration)
2026-06-23T18:19:37.227+05:30  INFO 25622 --- [product-service] [           main] j.LocalContainerEntityManagerFactoryBean : Initialized JPA EntityManagerFactory for persistence unit 'default'
2026-06-23T18:19:37.625+05:30  WARN 25622 --- [product-service] [           main] JpaBaseConfiguration$JpaWebConfiguration : spring.jpa.open-in-view is enabled by default. Therefore, database queries may be performed during view rendering. Explicitly configure spring.jpa.open-in-view to disable this warning
2026-06-23T18:19:38.431+05:30  INFO 25622 --- [product-service] [           main] DiscoveryClientOptionalArgsConfiguration : Eureka HTTP Client uses RestTemplate.
2026-06-23T18:19:38.485+05:30  WARN 25622 --- [product-service] [           main] iguration$LoadBalancerCaffeineWarnLogger : Spring Cloud LoadBalancer is currently working with the default cache. While this cache implementation is useful for development and tests, it's recommended to use Caffeine cache in production.You can switch to using Caffeine cache, by adding it and org.springframework.cache.caffeine.CaffeineCacheManager to the classpath.
2026-06-23T18:19:38.495+05:30  INFO 25622 --- [product-service] [           main] o.s.b.a.e.web.EndpointLinksResolver      : Exposing 1 endpoint beneath base path '/actuator'
2026-06-23T18:19:38.563+05:30  INFO 25622 --- [product-service] [           main] o.s.c.n.eureka.InstanceInfoFactory       : Setting initial instance status as: STARTING
2026-06-23T18:19:38.585+05:30  INFO 25622 --- [product-service] [           main] com.netflix.discovery.DiscoveryClient    : Initializing Eureka in region us-east-1
2026-06-23T18:19:38.588+05:30  INFO 25622 --- [product-service] [           main] c.n.d.s.r.aws.ConfigClusterResolver      : Resolving eureka endpoints via configuration
2026-06-23T18:19:38.602+05:30  INFO 25622 --- [product-service] [           main] com.netflix.discovery.DiscoveryClient    : Disable delta property : false
2026-06-23T18:19:38.603+05:30  INFO 25622 --- [product-service] [           main] com.netflix.discovery.DiscoveryClient    : Single vip registry refresh property : null
2026-06-23T18:19:38.603+05:30  INFO 25622 --- [product-service] [           main] com.netflix.discovery.DiscoveryClient    : Force full registry fetch : false
2026-06-23T18:19:38.603+05:30  INFO 25622 --- [product-service] [           main] com.netflix.discovery.DiscoveryClient    : Application is null : false
2026-06-23T18:19:38.603+05:30  INFO 25622 --- [product-service] [           main] com.netflix.discovery.DiscoveryClient    : Registered Applications size is zero : true
2026-06-23T18:19:38.603+05:30  INFO 25622 --- [product-service] [           main] com.netflix.discovery.DiscoveryClient    : Application version is -1: true
2026-06-23T18:19:38.603+05:30  INFO 25622 --- [product-service] [           main] com.netflix.discovery.DiscoveryClient    : Getting all instance registry info from the eureka server
2026-06-23T18:19:38.906+05:30  INFO 25622 --- [product-service] [           main] com.netflix.discovery.DiscoveryClient    : The response status is 200
2026-06-23T18:19:38.908+05:30  INFO 25622 --- [product-service] [           main] com.netflix.discovery.DiscoveryClient    : Starting heartbeat executor: renew interval is: 30
2026-06-23T18:19:38.910+05:30  INFO 25622 --- [product-service] [           main] c.n.discovery.InstanceInfoReplicator     : InstanceInfoReplicator onDemand update allowed rate per min is 4
2026-06-23T18:19:38.912+05:30  INFO 25622 --- [product-service] [           main] com.netflix.discovery.DiscoveryClient    : Discovery Client initialized at timestamp 1782218978911 with initial instances count: 10
2026-06-23T18:19:38.919+05:30  INFO 25622 --- [product-service] [           main] o.s.c.n.e.s.EurekaServiceRegistry        : Registering application PRODUCT-SERVICE with eureka with status UP
2026-06-23T18:19:38.920+05:30  INFO 25622 --- [product-service] [           main] com.netflix.discovery.DiscoveryClient    : Saw local status change event StatusChangeEvent [timestamp=1782218978920, current=UP, previous=STARTING]
2026-06-23T18:19:38.920+05:30  WARN 25622 --- [product-service] [           main] c.n.discovery.InstanceInfoReplicator     : Ignoring onDemand update due to rate limiter
2026-06-23T18:19:38.923+05:30  INFO 25622 --- [product-service] [foReplicator-%d] com.netflix.discovery.DiscoveryClient    : DiscoveryClient_PRODUCT-SERVICE/product-service:49e4096e27c2f6adb86282b257c8907e: registering service...
2026-06-23T18:19:38.931+05:30  INFO 25622 --- [product-service] [           main] o.s.b.w.embedded.tomcat.TomcatWebServer  : Tomcat started on port 8082 (http) with context path '/'
2026-06-23T18:19:38.932+05:30  INFO 25622 --- [product-service] [           main] .s.c.n.e.s.EurekaAutoServiceRegistration : Updating port to 8082
2026-06-23T18:19:38.957+05:30  INFO 25622 --- [product-service] [           main] c.o.p.ProductServiceApplication          : Started ProductServiceApplication in 5.616 seconds (process running for 5.931)
2026-06-23T18:19:38.959+05:30  INFO 25622 --- [product-service] [foReplicator-%d] com.netflix.discovery.DiscoveryClient    : DiscoveryClient_PRODUCT-SERVICE/product-service:49e4096e27c2f6adb86282b257c8907e - registration status: 204
2026-06-23T18:19:56.755+05:30  INFO 25622 --- [product-service] [nio-8082-exec-1] o.a.c.c.C.[Tomcat].[localhost].[/]       : Initializing Spring DispatcherServlet 'dispatcherServlet'
2026-06-23T18:19:56.756+05:30  INFO 25622 --- [product-service] [nio-8082-exec-1] o.s.web.servlet.DispatcherServlet        : Initializing Servlet 'dispatcherServlet'
2026-06-23T18:19:56.757+05:30  INFO 25622 --- [product-service] [nio-8082-exec-1] o.s.web.servlet.DispatcherServlet        : Completed initialization in 1 ms
Hibernate: 
    select
        p1_0.id,
        p1_0.category,
        p1_0.created_at,
        p1_0.description,
        p1_0.name,
        p1_0.price 
    from
        products p1_0 
    where
        p1_0.id=?
Hibernate: 
    select
        p1_0.id,
        p1_0.category,
        p1_0.created_at,
        p1_0.description,
        p1_0.name,
        p1_0.price 
    from
        products p1_0 
    where
        p1_0.id=?
Hibernate: 
    select
        p1_0.id,
        p1_0.category,
        p1_0.created_at,
        p1_0.description,
        p1_0.name,
        p1_0.price 
    from
        products p1_0 
    where
        p1_0.id=?
Hibernate: 
    select
        p1_0.id,
        p1_0.category,
        p1_0.created_at,
        p1_0.description,
        p1_0.name,
        p1_0.price 
    from
        products p1_0 
    where
        p1_0.id=?
Hibernate: 
    select
        p1_0.id,
        p1_0.category,
        p1_0.created_at,
        p1_0.description,
        p1_0.name,
        p1_0.price 
    from
        products p1_0 
    where
        p1_0.id=?
Hibernate: 
    select
        p1_0.id,
        p1_0.category,
        p1_0.created_at,
        p1_0.description,
        p1_0.name,
        p1_0.price 
    from
        products p1_0 
    where
        p1_0.id=?
Hibernate: 
    select
        p1_0.id,
        p1_0.category,
        p1_0.created_at,
        p1_0.description,
        p1_0.name,
        p1_0.price 
    from
        products p1_0 
    where
        p1_0.id=?
Hibernate: 
    select
        p1_0.id,
        p1_0.category,
        p1_0.created_at,
        p1_0.description,
        p1_0.name,
        p1_0.price 
    from
        products p1_0 
    where
        p1_0.id=?
Hibernate: 
    select
        p1_0.id,
        p1_0.category,
        p1_0.created_at,
        p1_0.description,
        p1_0.name,
        p1_0.price 
    from
        products p1_0 
    where
        p1_0.id=?
Hibernate: 
    select
        p1_0.id,
        p1_0.category,
        p1_0.created_at,
        p1_0.description,
        p1_0.name,
        p1_0.price 
    from
        products p1_0 
    where
        p1_0.id=?
Hibernate: 
    select
        p1_0.id,
        p1_0.category,
        p1_0.created_at,
        p1_0.description,
        p1_0.name,
        p1_0.price 
    from
        products p1_0 
    where
        p1_0.id=?
Hibernate: 
    select
        p1_0.id,
        p1_0.category,
        p1_0.created_at,
        p1_0.description,
        p1_0.name,
        p1_0.price 
    from
        products p1_0 
    where
        p1_0.id=?
2026-06-23T18:24:38.605+05:30  INFO 25622 --- [product-service] [rap-executor-%d] c.n.d.s.r.aws.ConfigClusterResolver      : Resolving eureka endpoints via configuration
Hibernate: 
    select
        p1_0.id,
        p1_0.category,
        p1_0.created_at,
        p1_0.description,
        p1_0.name,
        p1_0.price 
    from
        products p1_0 
    where
        p1_0.id=?
Hibernate: 
    select
        p1_0.id,
        p1_0.category,
        p1_0.created_at,
        p1_0.description,
        p1_0.name,
        p1_0.price 
    from
        products p1_0 
    where
        p1_0.id=?
2026-06-23T18:29:38.606+05:30  INFO 25622 --- [product-service] [rap-executor-%d] c.n.d.s.r.aws.ConfigClusterResolver      : Resolving eureka endpoints via configuration
Hibernate: 
    select
        p1_0.id,
        p1_0.category,
        p1_0.created_at,
        p1_0.description,
        p1_0.name,
        p1_0.price 
    from
        products p1_0 
    where
        p1_0.id=?
Hibernate: 
    select
        p1_0.id,
        p1_0.category,
        p1_0.created_at,
        p1_0.description,
        p1_0.name,
        p1_0.price 
    from
        products p1_0 
    where
        p1_0.id=?
Hibernate: 
    select
        p1_0.id,
        p1_0.category,
        p1_0.created_at,
        p1_0.description,
        p1_0.name,
        p1_0.price 
    from
        products p1_0 
    where
        p1_0.id=?
Hibernate: 
    select
        p1_0.id,
        p1_0.category,
        p1_0.created_at,
        p1_0.description,
        p1_0.name,
        p1_0.price 
    from
        products p1_0 
    where
        p1_0.id=?
2026-06-23T18:34:38.607+05:30  INFO 25622 --- [product-service] [rap-executor-%d] c.n.d.s.r.aws.ConfigClusterResolver      : Resolving eureka endpoints via configuration
